
[2K[1G[1myarn run v1.22.22[22m
[2K[1G[2m$ ng build[22m
[?25l[2m◼[22m Building...
[2K[1A[2K[G[33m⠋[39m Building...
[2K[1A[2K[G[33m⠙[39m Building...
[2K[1A[2K[G[33m⠹[39m Building...
[2K[1A[2K[G[33m⠸[39m Building...
[2K[1A[2K[G[33m⠼[39m Building...
[2K[1A[2K[G[33m⠴[39m Building...
[2K[1A[2K[G[33m⠦[39m Building...
[2K[1A[2K[G[33m⠧[39m Building...
[2K[1A[2K[G[33m⠇[39m Building...
[2K[1A[2K[G[33m⠏[39m Building...
[2K[1A[2K[G[33m⠋[39m Building...
[2K[1A[2K[G[33m⠙[39m Building...
[2K[1A[2K[G[33m⠹[39m Building...
[2K[1A[2K[G[33m⠸[39m Building...
[2K[1A[2K[G[33m⠼[39m Building...
[2K[1A[2K[G[33m⠴[39m Building...
[2K[1A[2K[G[33m⠦[39m Building...
[2K[1A[2K[G[33m⠧[39m Building...
[2K[1A[2K[G[33m⠇[39m Building...
[2K[1A[2K[G[33m⠏[39m Building...
[2K[1A[2K[G[33m⠋[39m Building...
[2K[1A[2K[G[33m⠙[39m Building...
[2K[1A[2K[G[33m⠹[39m Building...
[2K[1A[2K[G[33m⠸[39m Building...
[2K[1A[2K[G[33m⠼[39m Building...
[2K[1A[2K[G[33m⠴[39m Building...
[2K[1A[2K[G[33m⠦[39m Building...
[2K[1A[2K[G[33m⠧[39m Building...
[2K[1A[2K[G[33m⠇[39m Building...
[2K[1A[2K[G[33m⠏[39m Building...
[2K[1A[2K[G[33m⠋[39m Building...
[2K[1A[2K[G[33m⠙[39m Building...
[2K[1A[2K[G[33m⠹[39m Building...
[2K[1A[2K[G[33m⠸[39m Building...
[2K[1A[2K[G[33m⠼[39m Building...
[2K[1A[2K[G[33m⠴[39m Building...
[2K[1A[2K[G[33m⠦[39m Building...
[2K[1A[2K[G[33m⠧[39m Building...
[2K[1A[2K[G[33m⠇[39m Building...
[2K[1A[2K[G[33m⠏[39m Building...
[2K[1A[2K[G[33m⠋[39m Building...
[2K[1A[2K[G[33m⠙[39m Building...
[2K[1A[2K[G[33m⠹[39m Building...
[2K[1A[2K[G[33m⠸[39m Building...
[2K[1A[2K[G[33m⠼[39m Building...
[2K[1A[2K[G[33m⠴[39m Building...
[2K[1A[2K[G[33m⠦[39m Building...
[2K[1A[2K[G[33m⠧[39m Building...
[2K[1A[2K[G[33m⠇[39m Building...
[2K[1A[2K[G[33m⠏[39m Building...
[2K[1A[2K[G[33m⠋[39m Building...
[2K[1A[2K[G[33m⠙[39m Building...
[2K[1A[2K[G[33m⠹[39m Building...
[2K[1A[2K[G[33m⠸[39m Building...
[2K[1A[2K[G[33m⠼[39m Building...
[2K[1A[2K[G[33m⠴[39m Building...
[2K[1A[2K[G[33m⠦[39m Building...
[2K[1A[2K[G[33m⠧[39m Building...
[2K[1A[2K[G[33m⠇[39m Building...
[2K[1A[2K[G[33m⠏[39m Building...
[2K[1A[2K[G[33m⠋[39m Building...
[2K[1A[2K[G[33m⠙[39m Building...
[2K[1A[2K[G[33m⠹[39m Building...
[2K[1A[2K[G[33m⠸[39m Building...
[2K[1A[2K[G[33m⠼[39m Building...
[2K[1A[2K[G[33m⠴[39m Building...
[2K[1A[2K[G[33m⠦[39m Building...
[2K[1A[2K[G[33m⠧[39m Building...
[2K[1A[2K[G[33m⠇[39m Building...
[2K[1A[2K[G[33m⠏[39m Building...
[2K[1A[2K[G[33m⠋[39m Building...
[2K[1A[2K[G[33m⠙[39m Building...
[2K[1A[2K[G[33m⠹[39m Building...
[2K[1A[2K[G[32m✔[39m Building...
[2K[1A[2K[G[?25h[1mInitial chunk files[22m  [2m | [22m[1mNames[22m               [2m | [22m [1mRaw size[22m[2m | [22m[1mEstimated transfer size[22m
[32mchunk-HIQMIDZC.js[39m    [2m | [22m[2m-[22m                   [2m | [22m[36m153.57 kB[39m[2m | [22m               [36m45.25 kB[39m
[32mchunk-GNEIOPJU.js[39m    [2m | [22m[2m-[22m                   [2m | [22m [36m88.47 kB[39m[2m | [22m               [36m22.30 kB[39m
[32mstyles-OGFMZNZI.css[39m  [2m | [22m[2mstyles[22m              [2m | [22m [36m82.23 kB[39m[2m | [22m               [36m15.37 kB[39m
[32mpolyfills-Y2ZPEAG3.js[39m[2m | [22m[2mpolyfills[22m           [2m | [22m [36m34.59 kB[39m[2m | [22m               [36m11.33 kB[39m
[32mmain-A4CBL46H.js[39m     [2m | [22m[2mmain[22m                [2m | [22m [36m26.12 kB[39m[2m | [22m                [36m7.66 kB[39m
[32mchunk-GUHTCWML.js[39m    [2m | [22m[2m-[22m                   [2m | [22m [36m16.10 kB[39m[2m | [22m                [36m4.80 kB[39m
[32mchunk-YRX63NGV.js[39m    [2m | [22m[2m-[22m                   [2m | [22m  [36m1.81 kB[39m[2m | [22m              [36m770 bytes[39m
[32mchunk-PWEVPGU3.js[39m    [2m | [22m[2m-[22m                   [2m | [22m[36m554 bytes[39m[2m | [22m              [36m554 bytes[39m

[1m [22m                    [2m | [22m[1mInitial total[22m       [2m | [22m[1m403.44 kB[22m[2m | [22m              [1m108.03 kB[22m

[1mLazy chunk files[22m     [2m | [22m[1mNames[22m               [2m | [22m [1mRaw size[22m[2m | [22m[1mEstimated transfer size[22m
[32mchunk-ZQDQSUFT.js[39m    [2m | [22m[2mlogtime-component[22m   [2m | [22m[36m166.41 kB[39m[2m | [22m               [36m25.33 kB[39m
[32mchunk-RDH47OJZ.js[39m    [2m | [22m[2mtimesheets-component[22m[2m | [22m[36m158.79 kB[39m[2m | [22m               [36m24.33 kB[39m
[32mchunk-RWNWHUXJ.js[39m    [2m | [22m[2m-[22m                   [2m | [22m [36m43.22 kB[39m[2m | [22m                [36m8.81 kB[39m
[32mchunk-MQNELLHV.js[39m    [2m | [22m[2mmy-tasks-component[22m  [2m | [22m [36m34.31 kB[39m[2m | [22m                [36m7.19 kB[39m
[32mchunk-G7KEDUAW.js[39m    [2m | [22m[2mlogin-component[22m     [2m | [22m [36m23.88 kB[39m[2m | [22m                [36m5.63 kB[39m
[32mchunk-MHYR3QIV.js[39m    [2m | [22m[2msignup-component[22m    [2m | [22m [36m23.87 kB[39m[2m | [22m                [36m5.40 kB[39m
[32mchunk-5GWT6CRY.js[39m    [2m | [22m[2mprojects-component[22m  [2m | [22m [36m14.59 kB[39m[2m | [22m                [36m3.67 kB[39m
[32mchunk-PSJZ455U.js[39m    [2m | [22m[2mnot-found-component[22m [2m | [22m [36m10.72 kB[39m[2m | [22m                [36m2.75 kB[39m

Application bundle generation complete. [7.388 seconds]

[1m[33m[33m▲ [43;33m[[43;30mWARNING[43;33m][0m [1mTS-998113: All imports are unused[0m [1m[35m[plugin angular-compiler][0m

    src/app/shared/components/stats-card/stats-card.component.ts:7:2:
[37m      7 │   [32mimports[37m: [ProgressBarComponent],
        ╵   [32m~~~~~~~[0m

[39m[22m
Output location: /home/kgaugelo/projects/timesheets-ai/apps/frontend/client/dist/client

[?25h[2K[1GDone in 8.98s.
